******************************************************************************
                  TI ARM Linker PC v20.2.5                     
******************************************************************************
>> Linked Sat Jul 30 00:59:36 2022

OUTPUT FILE NAME:   <COTS.out>
ENTRY POINT SYMBOL: "_c_int00_noargs"  address: 00000cc9


MEMORY CONFIGURATION

         name            origin    length      used     unused   attr    fill
----------------------  --------  ---------  --------  --------  ----  --------
  FLASH                 00000000   00040000  00000dbe  0003f242  R  X
  SRAM                  20000000   00008000  00000209  00007df7  RW X


SEGMENT ALLOCATION MAP

run origin  load origin   length   init length attrs members
----------  ----------- ---------- ----------- ----- -------
00000000    00000000    00000dc0   00000dc0    r-x
  00000000    00000000    0000026c   0000026c    r-- .intvecs
  0000026c    0000026c    00000aea   00000aea    r-x .text
  00000d58    00000d58    00000048   00000048    r-- .const
  00000da0    00000da0    00000020   00000020    r-- .cinit
20000000    20000000    00000209   00000000    rw-
  20000000    20000000    00000200   00000000    rw- .stack
  20000200    20000200    00000009   00000000    rw- .data


SECTION ALLOCATION MAP

 output                                  attributes/
section   page    origin      length       input sections
--------  ----  ----------  ----------   ----------------
.intvecs   0    00000000    0000026c     
                  00000000    0000026c     tm4c123gh6pm_startup_ccs.obj (.intvecs)

.text      0    0000026c    00000aea     
                  0000026c    000004f4     Gpt.obj (.text)
                  00000760    0000034c     Gpio_arm.obj (.text)
                  00000aac    0000009c     rtsv7M4_T_le_v4SPD16_eabi.lib : memcpy_t2.asm.obj (.text)
                  00000b48    0000007c     Blinking.obj (.text)
                  00000bc4    00000068     rtsv7M4_T_le_v4SPD16_eabi.lib : copy_decompress_lzss.c.obj (.text:decompress:lzss:__TI_decompress_lzss)
                  00000c2c    00000058     Led.obj (.text)
                  00000c84    00000044     rtsv7M4_T_le_v4SPD16_eabi.lib : autoinit.c.obj (.text:__TI_auto_init_nobinit_nopinit:__TI_auto_init_nobinit_nopinit)
                  00000cc8    00000034                                   : boot_cortex_m.c.obj (.text:_c_int00_noargs:_c_int00_noargs)
                  00000cfc    0000002c     Nvic.obj (.text)
                  00000d28    0000000e     rtsv7M4_T_le_v4SPD16_eabi.lib : copy_decompress_none.c.obj (.text:decompress:none:__TI_decompress_none)
                  00000d36    0000000c     main.obj (.text)
                  00000d42    0000000c     tm4c123gh6pm_startup_ccs.obj (.text)
                  00000d4e    00000004     rtsv7M4_T_le_v4SPD16_eabi.lib : pre_init.c.obj (.text:_system_pre_init)
                  00000d52    00000004                                   : exit.c.obj (.text:abort:abort)

.const     0    00000d58    00000048     
                  00000d58    00000023     Gpio_Lcfg.obj (.const:portF_Config)
                  00000d7b    00000001     --HOLE-- [fill = 0]
                  00000d7c    00000020     Gpt_Lcfg.obj (.const:global_GptConfig)
                  00000d9c    00000002     Led.obj (.const:$P$T1$1)
                  00000d9e    00000002     Led.obj (.const:$P$T3$2)

.cinit     0    00000da0    00000020     
                  00000da0    0000000e     (.cinit..data.load) [load image, compression = lzss]
                  00000dae    00000002     --HOLE-- [fill = 0]
                  00000db0    00000008     (__TI_handler_table)
                  00000db8    00000008     (__TI_cinit_table)

.init_array 
*          0    00000000    00000000     UNINITIALIZED

.data      0    20000200    00000009     UNINITIALIZED
                  20000200    00000008     main.obj (.data)
                  20000208    00000001     Blinking.obj (.data)

.stack     0    20000000    00000200     UNINITIALIZED
                  20000000    00000004     rtsv7M4_T_le_v4SPD16_eabi.lib : boot_cortex_m.c.obj (.stack)
                  20000004    000001fc     --HOLE--

__llvm_prf_cnts 
*          0    20000000    00000000     UNINITIALIZED

MODULE SUMMARY

       Module                         code   ro data   rw data
       ------                         ----   -------   -------
    .\
       tm4c123gh6pm_startup_ccs.obj   12     620       0      
    +--+------------------------------+------+---------+---------+
       Total:                         12     620       0      
                                                              
    .\APPLICATION\
       Blinking.obj                   124    0         1      
       main.obj                       12     0         8      
    +--+------------------------------+------+---------+---------+
       Total:                         136    0         9      
                                                              
    .\Config\
       Gpio_Lcfg.obj                  0      35        0      
       Gpt_Lcfg.obj                   0      32        0      
    +--+------------------------------+------+---------+---------+
       Total:                         0      67        0      
                                                              
    .\HAL\
       Led.obj                        88     4         0      
    +--+------------------------------+------+---------+---------+
       Total:                         88     4         0      
                                                              
    .\MCAL\
       Gpt.obj                        1268   0         0      
       Gpio_arm.obj                   844    0         0      
       Nvic.obj                       44     0         0      
    +--+------------------------------+------+---------+---------+
       Total:                         2156   0         0      
                                                              
    D:\ti\ccs1120\ccs\tools\compiler\ti-cgt-arm_20.2.5.LTS\lib\rtsv7M4_T_le_v4SPD16_eabi.lib
       memcpy_t2.asm.obj              156    0         0      
       copy_decompress_lzss.c.obj     104    0         0      
       autoinit.c.obj                 68     0         0      
       boot_cortex_m.c.obj            52     0         0      
       copy_decompress_none.c.obj     14     0         0      
       exit.c.obj                     4      0         0      
       pre_init.c.obj                 4      0         0      
    +--+------------------------------+------+---------+---------+
       Total:                         402    0         0      
                                                              
       Stack:                         0      0         512    
       Linker Generated:              0      30        0      
    +--+------------------------------+------+---------+---------+
       Grand Total:                   2794   721       521    


LINKER GENERATED COPY TABLES

__TI_cinit_table @ 00000db8 records: 1, size/record: 8, table size: 8
	.data: load addr=00000da0, load size=0000000e bytes, run addr=20000200, run size=00000009 bytes, compression=lzss


LINKER GENERATED HANDLER TABLE

__TI_handler_table @ 00000db0 records: 2, size/record: 4, table size: 8
	index: 0, handler: __TI_decompress_lzss
	index: 1, handler: __TI_decompress_none


GLOBAL SYMBOLS: SORTED ALPHABETICALLY BY Name 

address   name                          
-------   ----                          
00000b63  Blink_Init                    
00000d53  C$$EXIT                       
00000a3d  Dio_FlipChannel               
000008b1  Dio_ReadChannel               
000009d7  Dio_ReadPort                  
00000941  Dio_WriteChannel              
00000a07  Dio_WritePort                 
00000761  Gpio_PortInit                 
00000641  Gpt_DisableNotification       
000006bf  Gpt_EnableNotification        
0000026d  Gpt_Init                      
00000b77  Gpt_Notification_Channel_0    
00000421  Gpt_StartTimer                
00000541  Gpt_StopTimer                 
00000c2d  Led_Init                      
00000c5b  Led_Off                       
00000c39  Led_On                        
00000cfd  Nvic_Init                     
00000d43  ResetISR                      
0000073d  TIMER0A_Handler               
20000200  __STACK_END                   
00000200  __STACK_SIZE                  
20000200  __STACK_TOP                   
00000db8  __TI_CINIT_Base               
00000dc0  __TI_CINIT_Limit              
00000db0  __TI_Handler_Table_Base       
00000db8  __TI_Handler_Table_Limit      
00000c85  __TI_auto_init_nobinit_nopinit
00000bc5  __TI_decompress_lzss          
00000d29  __TI_decompress_none          
ffffffff  __TI_pprof_out_hndl           
ffffffff  __TI_prof_data_size           
ffffffff  __TI_prof_data_start          
00000000  __TI_static_base__            
00000aad  __aeabi_memcpy                
00000aad  __aeabi_memcpy4               
00000aad  __aeabi_memcpy8               
ffffffff  __binit__                     
ffffffff  __c_args__                    
UNDEFED   __mpu_init                    
20000000  __stack                       
20000000  __start___llvm_prf_cnts       
20000000  __stop___llvm_prf_cnts        
00000cc9  _c_int00_noargs               
UNDEFED   _system_post_cinit            
00000d4f  _system_pre_init              
00000d53  abort                         
ffffffff  binit                         
00000b49  blink_led                     
00000000  g_pfnVectors                  
00000d7c  global_GptConfig              
20000208  led_status                    
00000d37  main                          
00000aad  memcpy                        
00000d58  portF_Config                  
20000204  time_Off                      
20000200  time_On                       


GLOBAL SYMBOLS: SORTED BY Symbol Address 

address   name                          
-------   ----                          
00000000  __TI_static_base__            
00000000  g_pfnVectors                  
00000200  __STACK_SIZE                  
0000026d  Gpt_Init                      
00000421  Gpt_StartTimer                
00000541  Gpt_StopTimer                 
00000641  Gpt_DisableNotification       
000006bf  Gpt_EnableNotification        
0000073d  TIMER0A_Handler               
00000761  Gpio_PortInit                 
000008b1  Dio_ReadChannel               
00000941  Dio_WriteChannel              
000009d7  Dio_ReadPort                  
00000a07  Dio_WritePort                 
00000a3d  Dio_FlipChannel               
00000aad  __aeabi_memcpy                
00000aad  __aeabi_memcpy4               
00000aad  __aeabi_memcpy8               
00000aad  memcpy                        
00000b49  blink_led                     
00000b63  Blink_Init                    
00000b77  Gpt_Notification_Channel_0    
00000bc5  __TI_decompress_lzss          
00000c2d  Led_Init                      
00000c39  Led_On                        
00000c5b  Led_Off                       
00000c85  __TI_auto_init_nobinit_nopinit
00000cc9  _c_int00_noargs               
00000cfd  Nvic_Init                     
00000d29  __TI_decompress_none          
00000d37  main                          
00000d43  ResetISR                      
00000d4f  _system_pre_init              
00000d53  C$$EXIT                       
00000d53  abort                         
00000d58  portF_Config                  
00000d7c  global_GptConfig              
00000db0  __TI_Handler_Table_Base       
00000db8  __TI_CINIT_Base               
00000db8  __TI_Handler_Table_Limit      
00000dc0  __TI_CINIT_Limit              
20000000  __stack                       
20000000  __start___llvm_prf_cnts       
20000000  __stop___llvm_prf_cnts        
20000200  __STACK_END                   
20000200  __STACK_TOP                   
20000200  time_On                       
20000204  time_Off                      
20000208  led_status                    
ffffffff  __TI_pprof_out_hndl           
ffffffff  __TI_prof_data_size           
ffffffff  __TI_prof_data_start          
ffffffff  __binit__                     
ffffffff  __c_args__                    
ffffffff  binit                         
UNDEFED   __mpu_init                    
UNDEFED   _system_post_cinit            

[57 symbols]
